main.c:46:6:printmsg	96	static
main.c:58:5:main	8	static
main.c:79:6:SystemClock_Config_HSE	96	static
main.c:161:6:GPIO_Init	56	static
main.c:182:6:UART2_Init	8	static
main.c:199:6:TIM6_Init	8	static
main.c:208:6:RTC_Init	8	static
main.c:223:6:RTC_CalendarConfig	32	static
main.c:249:7:getAMPM	32	static
main.c:264:7:getDayOfWeek	56	static
main.c:271:6:HAL_TIM_PeriodElapsedCallback	16	static
main.c:275:6:HAL_GPIO_EXTI_Callback	104	static
main.c:296:9:PrintUserMenu	16	static
main.c:360:9:is_valid_time_set	4	static
main.c:366:9:CalendarDemo	64	static
main.c:454:9:AlarmDemo	16	static
main.c:458:9:LowPowerDemo	16	static
main.c:463:9:TimeStampDemo	16	static
main.c:468:9:CalendarDemoPrintMenu	16	static
main.c:491:9:LowPowerDemoPrintMenu	16	static
main.c:506:9:AlarmDemoPrint	16	static
main.c:522:6:RTC_configureUserGivenTime	48	static
main.c:545:6:RTC_configureUserGivenDate	24	static
main.c:561:6:RTC_DisplayCurrentTime	88	static
main.c:575:6:RTC_DisplayCurrentDate	72	static
main.c:590:10:getYear	48	static
main.c:608:6:Error_handler	4	static
