main.c:29:5:main	8	static
main.c:57:6:SystemClock_Config_HSE	96	static
main.c:140:6:GPIO_Init	32	static
main.c:151:6:UART2_Init	8	static
main.c:168:6:CAN1_Init	8	static
main.c:191:6:CAN_Filter_Config	48	static
main.c:209:6:CAN1_Tx	48	static
main.c:224:6:HAL_CAN_TxMailbox0CompleteCallback	72	static
main.c:231:6:HAL_CAN_TxMailbox1CompleteCallback	72	static
main.c:238:6:HAL_CAN_TxMailbox2CompleteCallback	72	static
main.c:245:6:HAL_CAN_RxFifo0MsgPendingCallback	104	static
main.c:260:6:HAL_CAN_ErrorCallback	72	static
main.c:267:6:Error_handler	4	static
