main.c:23:5:main	8	static
main.c:51:6:SystemClock_Config_HSE	96	static
main.c:134:6:GPIO_Init	32	static
main.c:145:6:UART2_Init	8	static
main.c:162:6:CAN1_Init	8	static
main.c:185:6:CAN_Filter_Config	48	static
main.c:203:6:CAN1_Tx	48	static
main.c:218:6:HAL_CAN_TxMailbox0CompleteCallback	72	static
main.c:225:6:HAL_CAN_TxMailbox1CompleteCallback	72	static
main.c:232:6:HAL_CAN_TxMailbox2CompleteCallback	72	static
main.c:239:6:HAL_CAN_RxFifo0MsgPendingCallback	104	static
main.c:254:6:HAL_CAN_ErrorCallback	72	static
main.c:261:6:Error_handler	4	static
