main.c:30:5:main	8	static
main.c:55:6:SystemClock_Config_HSE	88	static
main.c:135:6:GPIO_Init	40	static
main.c:165:6:UART2_Init	8	static
main.c:182:6:TIM6_Init	8	static
main.c:192:6:CAN1_Init	8	static
main.c:214:6:CAN_Filter_Config	48	static
main.c:234:6:CAN1_Tx	40	static
main.c:258:6:HAL_CAN_TxMailbox0CompleteCallback	72	static
main.c:265:6:HAL_CAN_TxMailbox1CompleteCallback	72	static
main.c:272:6:HAL_CAN_TxMailbox2CompleteCallback	72	static
main.c:279:6:HAL_CAN_RxFifo0MsgPendingCallback	80	static
main.c:307:6:HAL_CAN_ErrorCallback	72	static
main.c:314:6:HAL_TIM_PeriodElapsedCallback	48	static
main.c:344:6:LED_Manage_Output	16	static
main.c:376:6:Send_response	48	static
main.c:392:6:Error_handler	4	static
