main.c:36:5:main	8	static
main.c:61:6:SystemClock_Config_HSE	96	static
main.c:144:6:GPIO_Init	40	static
main.c:174:6:UART2_Init	8	static
main.c:191:6:TIM6_Init	8	static
main.c:201:6:CAN1_Init	8	static
main.c:224:6:CAN_Filter_Config	48	static
main.c:243:6:CAN1_Tx	40	static
main.c:267:6:HAL_CAN_TxMailbox0CompleteCallback	72	static
main.c:274:6:HAL_CAN_TxMailbox1CompleteCallback	72	static
main.c:281:6:HAL_CAN_TxMailbox2CompleteCallback	72	static
main.c:288:6:HAL_CAN_RxFifo0MsgPendingCallback	80	static
main.c:316:6:HAL_CAN_ErrorCallback	72	static
main.c:323:6:HAL_TIM_PeriodElapsedCallback	48	static
main.c:353:6:LED_Manage_Output	16	static
main.c:385:6:Send_response	48	static
main.c:401:6:Error_handler	4	static
