main.c:30:5:main	8	static
main.c:55:6:SystemClock_Config_HSE	96	static
main.c:138:6:GPIO_Init	40	static
main.c:168:6:UART2_Init	8	static
main.c:185:6:TIM6_Init	8	static
main.c:195:6:CAN1_Init	8	static
main.c:218:6:CAN_Filter_Config	48	static
main.c:237:6:CAN1_Tx	40	static
main.c:261:6:HAL_CAN_TxMailbox0CompleteCallback	72	static
main.c:268:6:HAL_CAN_TxMailbox1CompleteCallback	72	static
main.c:275:6:HAL_CAN_TxMailbox2CompleteCallback	72	static
main.c:282:6:HAL_CAN_RxFifo0MsgPendingCallback	80	static
main.c:310:6:HAL_CAN_ErrorCallback	72	static
main.c:317:6:HAL_TIM_PeriodElapsedCallback	48	static
main.c:347:6:LED_Manage_Output	16	static
main.c:379:6:Send_response	48	static
main.c:395:6:Error_handler	4	static
